1 is less than 5
2 is less than 5
3 is less than 5
4 is less than 5
5 is equal to 5
6 is more than 5
7 is more than 5
8 is more than 5
9 is more than 5
10 is more than 5
